// Jest Snapshot v1, https://goo.gl/fbAQLP

exports[`pop then regular action (cancel pop): {"type":"FIRST"} - historyState 1`] = `
Object {
  "id": "345678",
  "index": 3,
}
`;

exports[`pop then regular action (cancel pop): {"type":"FIRST"} - response 1`] = `
Object {
  "basename": "",
  "hash": "",
  "location": Object {
    "blocked": null,
    "direction": "forward",
    "entries": Array [
      Object {
        "basename": "",
        "hash": "",
        "location": Object {
          "key": "345678",
          "pathname": "/",
          "scene": "",
          "search": "",
          "url": "/",
        },
        "params": Object {},
        "query": Object {},
        "state": Object {},
        "type": "FIRST",
      },
      Object {
        "basename": "",
        "hash": "",
        "location": Object {
          "key": "345678",
          "pathname": "/second",
          "scene": "",
          "search": "",
          "url": "/second",
        },
        "params": Object {},
        "query": Object {},
        "state": Object {},
        "type": "SECOND",
      },
      Object {
        "basename": "",
        "hash": "",
        "location": Object {
          "key": "345678",
          "pathname": "/third",
          "scene": "",
          "search": "",
          "url": "/third",
        },
        "params": Object {},
        "query": Object {},
        "state": Object {},
        "type": "THIRD",
      },
      Object {
        "basename": "",
        "hash": "",
        "location": Object {
          "key": "345678",
          "pathname": "/",
          "scene": "",
          "search": "",
          "url": "/",
        },
        "params": Object {},
        "query": Object {},
        "state": Object {},
        "type": "FIRST",
      },
    ],
    "from": null,
    "index": 3,
    "key": "345678",
    "kind": "push",
    "length": 4,
    "n": 1,
    "pathname": "/",
    "pop": false,
    "prev": Object {
      "basename": "",
      "hash": "",
      "location": Object {
        "index": 2,
        "key": "345678",
        "pathname": "/third",
        "scene": "",
        "search": "",
        "url": "/third",
      },
      "params": Object {},
      "query": Object {},
      "state": Object {},
      "type": "THIRD",
    },
    "scene": "",
    "search": "",
    "status": 200,
    "url": "/",
  },
  "params": Object {},
  "query": Object {},
  "state": Object {},
  "type": "FIRST",
}
`;

exports[`pop then regular action (cancel pop): {"type":"FIRST"} - routes - NEVER_USED_PATHLESS - thunk 1`] = `0`;

exports[`pop then regular action (cancel pop): {"type":"FIRST"} - routes - REDIRECTED - onComplete 1`] = `0`;

exports[`pop then regular action (cancel pop): {"type":"FIRST"} - routes - SECOND - beforeEnter 1`] = `2`;

exports[`pop then regular action (cancel pop): {"type":"FIRST"} - sessionStorage 1`] = `
Object {
  "entries": Array [
    Array [
      "/",
      Object {},
      "345678",
    ],
    Array [
      "/second",
      Object {},
      "345678",
    ],
    Array [
      "/third",
      Object {},
      "345678",
    ],
    Array [
      "/",
      Object {},
      "345678",
    ],
  ],
}
`;

exports[`pop then regular action (cancel pop): {"type":"FIRST"} - state 1`] = `
Object {
  "location": Object {
    "basename": "",
    "blocked": null,
    "direction": "forward",
    "entries": Array [
      Object {
        "basename": "",
        "hash": "",
        "location": Object {
          "key": "345678",
          "pathname": "/",
          "scene": "",
          "search": "",
          "url": "/",
        },
        "params": Object {},
        "query": Object {},
        "state": Object {},
        "type": "FIRST",
      },
      Object {
        "basename": "",
        "hash": "",
        "location": Object {
          "key": "345678",
          "pathname": "/second",
          "scene": "",
          "search": "",
          "url": "/second",
        },
        "params": Object {},
        "query": Object {},
        "state": Object {},
        "type": "SECOND",
      },
      Object {
        "basename": "",
        "hash": "",
        "location": Object {
          "key": "345678",
          "pathname": "/third",
          "scene": "",
          "search": "",
          "url": "/third",
        },
        "params": Object {},
        "query": Object {},
        "state": Object {},
        "type": "THIRD",
      },
      Object {
        "basename": "",
        "hash": "",
        "location": Object {
          "key": "345678",
          "pathname": "/",
          "scene": "",
          "search": "",
          "url": "/",
        },
        "params": Object {},
        "query": Object {},
        "state": Object {},
        "type": "FIRST",
      },
    ],
    "from": null,
    "hash": "",
    "index": 3,
    "key": "345678",
    "kind": "push",
    "length": 4,
    "n": 1,
    "params": Object {},
    "pathname": "/",
    "pop": false,
    "prev": Object {
      "basename": "",
      "hash": "",
      "location": Object {
        "index": 2,
        "key": "345678",
        "pathname": "/third",
        "scene": "",
        "search": "",
        "url": "/third",
      },
      "params": Object {},
      "query": Object {},
      "state": Object {},
      "type": "THIRD",
    },
    "query": Object {},
    "scene": "",
    "search": "",
    "state": Object {},
    "status": 200,
    "type": "FIRST",
    "universal": false,
    "url": "/",
  },
  "title": "FIRST",
}
`;

exports[`pop then regular action (cancel pop): {"type":"FIRST"} - title 1`] = `"FIRST"`;

exports[`pop then regular action (cancel pop): {"type":"FIRST"} - windowLocation 1`] = `"/"`;
