// Jest Snapshot v1, https://goo.gl/fbAQLP

exports[`double pop:  - historyState 1`] = `
Object {
  "id": "345678",
  "index": 1,
}
`;

exports[`double pop:  - response 1`] = `
Object {
  "basename": "",
  "hash": "",
  "location": Object {
    "blocked": null,
    "direction": "backward",
    "entries": Array [
      Object {
        "basename": "",
        "hash": "",
        "location": Object {
          "key": "345678",
          "pathname": "/",
          "scene": "",
          "search": "",
          "url": "/",
        },
        "params": Object {},
        "query": Object {},
        "state": Object {},
        "type": "FIRST",
      },
      Object {
        "basename": "",
        "hash": "",
        "location": Object {
          "key": "345678",
          "pathname": "/second",
          "scene": "",
          "search": "",
          "url": "/second",
        },
        "params": Object {},
        "query": Object {},
        "state": Object {},
        "type": "SECOND",
      },
      Object {
        "basename": "",
        "hash": "",
        "location": Object {
          "key": "345678",
          "pathname": "/third",
          "scene": "",
          "search": "",
          "url": "/third",
        },
        "params": Object {},
        "query": Object {},
        "state": Object {},
        "type": "THIRD",
      },
    ],
    "from": null,
    "index": 1,
    "key": "345678",
    "kind": "back",
    "length": 3,
    "n": -1,
    "pathname": "/second",
    "pop": true,
    "prev": Object {
      "basename": "",
      "hash": "",
      "location": Object {
        "index": 2,
        "key": "345678",
        "pathname": "/third",
        "scene": "",
        "search": "",
        "url": "/third",
      },
      "params": Object {},
      "query": Object {},
      "state": Object {},
      "type": "THIRD",
    },
    "scene": "",
    "search": "",
    "status": 200,
    "url": "/second",
  },
  "params": Object {},
  "query": Object {},
  "state": Object {},
  "type": "SECOND",
}
`;

exports[`double pop:  - routes - NEVER_USED_PATHLESS - thunk 1`] = `0`;

exports[`double pop:  - routes - REDIRECTED - onComplete 1`] = `0`;

exports[`double pop:  - routes - SECOND - beforeEnter 1`] = `2`;

exports[`double pop:  - sessionStorage 1`] = `
Object {
  "entries": Array [
    Array [
      "/",
      Object {},
      "345678",
    ],
    Array [
      "/second",
      Object {},
      "345678",
    ],
    Array [
      "/third",
      Object {},
      "345678",
    ],
  ],
}
`;

exports[`double pop:  - state 1`] = `
Object {
  "location": Object {
    "basename": "",
    "blocked": null,
    "direction": "backward",
    "entries": Array [
      Object {
        "basename": "",
        "hash": "",
        "location": Object {
          "key": "345678",
          "pathname": "/",
          "scene": "",
          "search": "",
          "url": "/",
        },
        "params": Object {},
        "query": Object {},
        "state": Object {},
        "type": "FIRST",
      },
      Object {
        "basename": "",
        "hash": "",
        "location": Object {
          "key": "345678",
          "pathname": "/second",
          "scene": "",
          "search": "",
          "url": "/second",
        },
        "params": Object {},
        "query": Object {},
        "state": Object {},
        "type": "SECOND",
      },
      Object {
        "basename": "",
        "hash": "",
        "location": Object {
          "key": "345678",
          "pathname": "/third",
          "scene": "",
          "search": "",
          "url": "/third",
        },
        "params": Object {},
        "query": Object {},
        "state": Object {},
        "type": "THIRD",
      },
    ],
    "from": null,
    "hash": "",
    "index": 1,
    "key": "345678",
    "kind": "back",
    "length": 3,
    "n": -1,
    "params": Object {},
    "pathname": "/second",
    "pop": true,
    "prev": Object {
      "basename": "",
      "hash": "",
      "location": Object {
        "index": 2,
        "key": "345678",
        "pathname": "/third",
        "scene": "",
        "search": "",
        "url": "/third",
      },
      "params": Object {},
      "query": Object {},
      "state": Object {},
      "type": "THIRD",
    },
    "query": Object {},
    "scene": "",
    "search": "",
    "state": Object {},
    "status": 200,
    "type": "SECOND",
    "universal": false,
    "url": "/second",
  },
  "title": "SECOND",
}
`;

exports[`double pop:  - title 1`] = `"SECOND"`;

exports[`double pop:  - windowLocation 1`] = `"/second"`;
