// Jest Snapshot v1, https://goo.gl/fbAQLP

exports[`set(action): {"type":"@@rudy/CALL_HISTORY","payload":{"method":"set","args":[{"query":{"hell":"yea"},"hash":"yolo","basename":"base","state":{"something":123}},null,null]}} - historyState 1`] = `
Object {
  "id": "345678",
  "index": 0,
}
`;

exports[`set(action): {"type":"@@rudy/CALL_HISTORY","payload":{"method":"set","args":[{"query":{"hell":"yea"},"hash":"yolo","basename":"base","state":{"something":123}},null,null]}} - response 1`] = `
Object {
  "basename": "base",
  "hash": "yolo",
  "location": Object {
    "entries": Array [
      Object {
        "basename": "base",
        "hash": "yolo",
        "location": Object {
          "key": "345678",
          "pathname": "/",
          "scene": "",
          "search": "hell=yea",
          "url": "/base/?hell=yea#yolo",
        },
        "params": Object {},
        "query": Object {
          "hell": "yea",
        },
        "state": Object {
          "something": 123,
        },
        "type": "FIRST",
      },
    ],
    "index": 0,
    "key": "345678",
    "kind": "set",
    "length": 1,
    "n": 1,
    "pathname": "/",
    "scene": "",
    "search": "hell=yea",
    "url": "/base/?hell=yea#yolo",
  },
  "params": Object {},
  "query": Object {
    "hell": "yea",
  },
  "state": Object {
    "something": 123,
  },
  "type": "FIRST",
}
`;

exports[`set(action): {"type":"@@rudy/CALL_HISTORY","payload":{"method":"set","args":[{"query":{"hell":"yea"},"hash":"yolo","basename":"base","state":{"something":123}},null,null]}} - routes - NEVER_USED_PATHLESS - thunk 1`] = `0`;

exports[`set(action): {"type":"@@rudy/CALL_HISTORY","payload":{"method":"set","args":[{"query":{"hell":"yea"},"hash":"yolo","basename":"base","state":{"something":123}},null,null]}} - routes - REDIRECTED - onComplete 1`] = `0`;

exports[`set(action): {"type":"@@rudy/CALL_HISTORY","payload":{"method":"set","args":[{"query":{"hell":"yea"},"hash":"yolo","basename":"base","state":{"something":123}},null,null]}} - sessionStorage 1`] = `
Object {
  "entries": Array [
    Array [
      "/base/?hell=yea#yolo",
      Object {
        "something": 123,
      },
      "345678",
    ],
  ],
}
`;

exports[`set(action): {"type":"@@rudy/CALL_HISTORY","payload":{"method":"set","args":[{"query":{"hell":"yea"},"hash":"yolo","basename":"base","state":{"something":123}},null,null]}} - state 1`] = `
Object {
  "location": Object {
    "basename": "base",
    "blocked": null,
    "direction": "forward",
    "entries": Array [
      Object {
        "basename": "base",
        "hash": "yolo",
        "location": Object {
          "key": "345678",
          "pathname": "/",
          "scene": "",
          "search": "hell=yea",
          "url": "/base/?hell=yea#yolo",
        },
        "params": Object {},
        "query": Object {
          "hell": "yea",
        },
        "state": Object {
          "something": 123,
        },
        "type": "FIRST",
      },
    ],
    "from": null,
    "hash": "yolo",
    "index": 0,
    "key": "345678",
    "kind": "load",
    "length": 1,
    "n": 1,
    "params": Object {},
    "pathname": "/",
    "pop": false,
    "prev": Object {
      "basename": "",
      "hash": "",
      "location": Object {
        "index": -1,
        "key": "",
        "pathname": "",
        "scene": "",
        "search": "",
        "url": "",
      },
      "params": Object {},
      "query": Object {},
      "state": Object {},
      "type": "",
    },
    "query": Object {
      "hell": "yea",
    },
    "scene": "",
    "search": "hell=yea",
    "state": Object {
      "something": 123,
    },
    "status": 200,
    "type": "FIRST",
    "universal": false,
    "url": "/base/?hell=yea#yolo",
  },
  "title": "FIRST",
}
`;

exports[`set(action): {"type":"@@rudy/CALL_HISTORY","payload":{"method":"set","args":[{"query":{"hell":"yea"},"hash":"yolo","basename":"base","state":{"something":123}},null,null]}} - title 1`] = `"FIRST"`;

exports[`set(action): {"type":"@@rudy/CALL_HISTORY","payload":{"method":"set","args":[{"query":{"hell":"yea"},"hash":"yolo","basename":"base","state":{"something":123}},null,null]}} - windowLocation 1`] = `"/base/?hell=yea#yolo"`;

exports[`set(action): {"type":"@@rudy/CALL_HISTORY","payload":{"method":"set","args":[{"query":{"hello":"world"},"hash":"yolo","basename":"base","state":{"something":123},"params":{"foo":"bar"}},null,null]}} - historyState 1`] = `
Object {
  "id": "345678",
  "index": 0,
}
`;

exports[`set(action): {"type":"@@rudy/CALL_HISTORY","payload":{"method":"set","args":[{"query":{"hello":"world"},"hash":"yolo","basename":"base","state":{"something":123},"params":{"foo":"bar"}},null,null]}} - response 1`] = `
Object {
  "basename": "base",
  "hash": "yolo",
  "location": Object {
    "entries": Array [
      Object {
        "basename": "base",
        "hash": "yolo",
        "location": Object {
          "key": "345678",
          "pathname": "/bar",
          "scene": "",
          "search": "hello=world",
          "url": "/base/bar?hello=world#yolo",
        },
        "params": Object {
          "foo": "bar",
        },
        "query": Object {
          "hello": "world",
        },
        "state": Object {
          "something": 123,
        },
        "type": "FIRST",
      },
    ],
    "index": 0,
    "key": "345678",
    "kind": "set",
    "length": 1,
    "n": 1,
    "pathname": "/bar",
    "scene": "",
    "search": "hello=world",
    "url": "/base/bar?hello=world#yolo",
  },
  "params": Object {
    "foo": "bar",
  },
  "query": Object {
    "hello": "world",
  },
  "state": Object {
    "something": 123,
  },
  "type": "FIRST",
}
`;

exports[`set(action): {"type":"@@rudy/CALL_HISTORY","payload":{"method":"set","args":[{"query":{"hello":"world"},"hash":"yolo","basename":"base","state":{"something":123},"params":{"foo":"bar"}},null,null]}} - routes - NEVER_USED_PATHLESS - thunk 1`] = `0`;

exports[`set(action): {"type":"@@rudy/CALL_HISTORY","payload":{"method":"set","args":[{"query":{"hello":"world"},"hash":"yolo","basename":"base","state":{"something":123},"params":{"foo":"bar"}},null,null]}} - routes - REDIRECTED - onComplete 1`] = `0`;

exports[`set(action): {"type":"@@rudy/CALL_HISTORY","payload":{"method":"set","args":[{"query":{"hello":"world"},"hash":"yolo","basename":"base","state":{"something":123},"params":{"foo":"bar"}},null,null]}} - sessionStorage 1`] = `
Object {
  "entries": Array [
    Array [
      "/base/bar?hello=world#yolo",
      Object {
        "something": 123,
      },
      "345678",
    ],
  ],
}
`;

exports[`set(action): {"type":"@@rudy/CALL_HISTORY","payload":{"method":"set","args":[{"query":{"hello":"world"},"hash":"yolo","basename":"base","state":{"something":123},"params":{"foo":"bar"}},null,null]}} - state 1`] = `
Object {
  "location": Object {
    "basename": "base",
    "blocked": null,
    "direction": "forward",
    "entries": Array [
      Object {
        "basename": "base",
        "hash": "yolo",
        "location": Object {
          "key": "345678",
          "pathname": "/bar",
          "scene": "",
          "search": "hello=world",
          "url": "/base/bar?hello=world#yolo",
        },
        "params": Object {
          "foo": "bar",
        },
        "query": Object {
          "hello": "world",
        },
        "state": Object {
          "something": 123,
        },
        "type": "FIRST",
      },
    ],
    "from": null,
    "hash": "yolo",
    "index": 0,
    "key": "345678",
    "kind": "load",
    "length": 1,
    "n": 1,
    "params": Object {
      "foo": "bar",
    },
    "pathname": "/bar",
    "pop": false,
    "prev": Object {
      "basename": "",
      "hash": "",
      "location": Object {
        "index": -1,
        "key": "",
        "pathname": "",
        "scene": "",
        "search": "",
        "url": "",
      },
      "params": Object {},
      "query": Object {},
      "state": Object {},
      "type": "",
    },
    "query": Object {
      "hello": "world",
    },
    "scene": "",
    "search": "hello=world",
    "state": Object {
      "something": 123,
    },
    "status": 200,
    "type": "FIRST",
    "universal": false,
    "url": "/base/bar?hello=world#yolo",
  },
  "title": "FIRST",
}
`;

exports[`set(action): {"type":"@@rudy/CALL_HISTORY","payload":{"method":"set","args":[{"query":{"hello":"world"},"hash":"yolo","basename":"base","state":{"something":123},"params":{"foo":"bar"}},null,null]}} - title 1`] = `"FIRST"`;

exports[`set(action): {"type":"@@rudy/CALL_HISTORY","payload":{"method":"set","args":[{"query":{"hello":"world"},"hash":"yolo","basename":"base","state":{"something":123},"params":{"foo":"bar"}},null,null]}} - windowLocation 1`] = `"/base/bar?hello=world#yolo"`;
