// Jest Snapshot v1, https://goo.gl/fbAQLP

exports[`add routeType_COMPLETE as type to action-like object that is missing type: 1 - response 1`] = `
Object {
  "payload": "foo",
  "type": "SECOND_COMPLETE",
}
`;

exports[`add routeType_COMPLETE as type to action-like object that is missing type: 1 - routes - NEVER_USED_PATHLESS - thunk 1`] = `0`;

exports[`add routeType_COMPLETE as type to action-like object that is missing type: 1 - routes - REDIRECTED - onComplete 1`] = `0`;

exports[`add routeType_COMPLETE as type to action-like object that is missing type: 1 - routes - SECOND - onComplete 1`] = `1`;

exports[`add routeType_COMPLETE as type to action-like object that is missing type: 1 - routes - SECOND - thunk 1`] = `1`;

exports[`add routeType_COMPLETE as type to action-like object that is missing type: 1 - state 1`] = `
Object {
  "location": Object {
    "basename": "",
    "blocked": null,
    "direction": "forward",
    "entries": Array [
      Object {
        "basename": "",
        "hash": "",
        "location": Object {
          "key": "345678",
          "pathname": "/first",
          "scene": "",
          "search": "",
          "url": "/first",
        },
        "params": Object {},
        "query": Object {},
        "state": Object {},
        "type": "FIRST",
      },
      Object {
        "basename": "",
        "hash": "",
        "location": Object {
          "key": "345678",
          "pathname": "/second",
          "scene": "",
          "search": "",
          "url": "/second",
        },
        "params": Object {},
        "query": Object {},
        "state": Object {},
        "type": "SECOND",
      },
    ],
    "from": null,
    "hash": "",
    "index": 1,
    "key": "345678",
    "kind": "push",
    "length": 2,
    "n": 1,
    "params": Object {},
    "pathname": "/second",
    "pop": false,
    "prev": Object {
      "basename": "",
      "hash": "",
      "location": Object {
        "index": 0,
        "key": "345678",
        "pathname": "/first",
        "scene": "",
        "search": "",
        "url": "/first",
      },
      "params": Object {},
      "query": Object {},
      "state": Object {},
      "type": "FIRST",
    },
    "query": Object {},
    "ready": true,
    "scene": "",
    "search": "",
    "state": Object {},
    "status": 200,
    "type": "SECOND",
    "universal": false,
    "url": "/second",
  },
  "title": "SECOND_COMPLETE - \\"foo\\"",
}
`;

exports[`add routeType_COMPLETE as type to action-like object that is missing type: 1 - title 1`] = `"SECOND"`;

exports[`arg as @@library type: 1 - response 1`] = `
Object {
  "type": "@@library/FOO_BAR",
}
`;

exports[`arg as @@library type: 1 - routes - NEVER_USED_PATHLESS - thunk 1`] = `0`;

exports[`arg as @@library type: 1 - routes - REDIRECTED - onComplete 1`] = `0`;

exports[`arg as @@library type: 1 - routes - SECOND - onComplete 1`] = `1`;

exports[`arg as @@library type: 1 - routes - SECOND - thunk 1`] = `1`;

exports[`arg as @@library type: 1 - state 1`] = `
Object {
  "location": Object {
    "basename": "",
    "blocked": null,
    "direction": "forward",
    "entries": Array [
      Object {
        "basename": "",
        "hash": "",
        "location": Object {
          "key": "345678",
          "pathname": "/first",
          "scene": "",
          "search": "",
          "url": "/first",
        },
        "params": Object {},
        "query": Object {},
        "state": Object {},
        "type": "FIRST",
      },
      Object {
        "basename": "",
        "hash": "",
        "location": Object {
          "key": "345678",
          "pathname": "/second",
          "scene": "",
          "search": "",
          "url": "/second",
        },
        "params": Object {},
        "query": Object {},
        "state": Object {},
        "type": "SECOND",
      },
    ],
    "from": null,
    "hash": "",
    "index": 1,
    "key": "345678",
    "kind": "push",
    "length": 2,
    "n": 1,
    "params": Object {},
    "pathname": "/second",
    "pop": false,
    "prev": Object {
      "basename": "",
      "hash": "",
      "location": Object {
        "index": 0,
        "key": "345678",
        "pathname": "/first",
        "scene": "",
        "search": "",
        "url": "/first",
      },
      "params": Object {},
      "query": Object {},
      "state": Object {},
      "type": "FIRST",
    },
    "query": Object {},
    "scene": "",
    "search": "",
    "state": Object {},
    "status": 200,
    "type": "SECOND",
    "universal": false,
    "url": "/second",
  },
  "title": "@@library/FOO_BAR",
}
`;

exports[`arg as @@library type: 1 - title 1`] = `"SECOND"`;

exports[`arg as type from route: 1 - response 1`] = `
Object {
  "basename": "",
  "hash": "",
  "location": Object {
    "blocked": null,
    "direction": "forward",
    "entries": Array [
      Object {
        "basename": "",
        "hash": "",
        "location": Object {
          "key": "345678",
          "pathname": "/first",
          "scene": "",
          "search": "",
          "url": "/first",
        },
        "params": Object {},
        "query": Object {},
        "state": Object {},
        "type": "FIRST",
      },
      Object {
        "basename": "",
        "hash": "",
        "location": Object {
          "key": "345678",
          "pathname": "/second",
          "scene": "",
          "search": "",
          "url": "/second",
        },
        "params": Object {},
        "query": Object {},
        "state": Object {},
        "type": "SECOND",
      },
      Object {
        "basename": "",
        "hash": "",
        "location": Object {
          "key": "345678",
          "pathname": "/first",
          "scene": "",
          "search": "",
          "url": "/first",
        },
        "params": Object {},
        "query": Object {},
        "state": Object {},
        "type": "FIRST",
      },
    ],
    "from": null,
    "index": 2,
    "key": "345678",
    "kind": "push",
    "length": 3,
    "n": 1,
    "pathname": "/first",
    "pop": false,
    "prev": Object {
      "basename": "",
      "hash": "",
      "location": Object {
        "index": 1,
        "key": "345678",
        "pathname": "/second",
        "scene": "",
        "search": "",
        "url": "/second",
      },
      "params": Object {},
      "query": Object {},
      "state": Object {},
      "type": "SECOND",
    },
    "scene": "",
    "search": "",
    "status": 200,
    "url": "/first",
  },
  "params": Object {},
  "query": Object {},
  "state": Object {},
  "type": "FIRST",
}
`;

exports[`arg as type from route: 1 - routes - NEVER_USED_PATHLESS - thunk 1`] = `0`;

exports[`arg as type from route: 1 - routes - REDIRECTED - onComplete 1`] = `0`;

exports[`arg as type from route: 1 - routes - SECOND - onComplete 1`] = `0`;

exports[`arg as type from route: 1 - routes - SECOND - thunk 1`] = `1`;

exports[`arg as type from route: 1 - state 1`] = `
Object {
  "location": Object {
    "basename": "",
    "blocked": null,
    "direction": "forward",
    "entries": Array [
      Object {
        "basename": "",
        "hash": "",
        "location": Object {
          "key": "345678",
          "pathname": "/first",
          "scene": "",
          "search": "",
          "url": "/first",
        },
        "params": Object {},
        "query": Object {},
        "state": Object {},
        "type": "FIRST",
      },
      Object {
        "basename": "",
        "hash": "",
        "location": Object {
          "key": "345678",
          "pathname": "/second",
          "scene": "",
          "search": "",
          "url": "/second",
        },
        "params": Object {},
        "query": Object {},
        "state": Object {},
        "type": "SECOND",
      },
      Object {
        "basename": "",
        "hash": "",
        "location": Object {
          "key": "345678",
          "pathname": "/first",
          "scene": "",
          "search": "",
          "url": "/first",
        },
        "params": Object {},
        "query": Object {},
        "state": Object {},
        "type": "FIRST",
      },
    ],
    "from": null,
    "hash": "",
    "index": 2,
    "key": "345678",
    "kind": "push",
    "length": 3,
    "n": 1,
    "params": Object {},
    "pathname": "/first",
    "pop": false,
    "prev": Object {
      "basename": "",
      "hash": "",
      "location": Object {
        "index": 1,
        "key": "345678",
        "pathname": "/second",
        "scene": "",
        "search": "",
        "url": "/second",
      },
      "params": Object {},
      "query": Object {},
      "state": Object {},
      "type": "SECOND",
    },
    "query": Object {},
    "scene": "",
    "search": "",
    "state": Object {},
    "status": 200,
    "type": "FIRST",
    "universal": false,
    "url": "/first",
  },
  "title": "FIRST",
}
`;

exports[`arg as type from route: 1 - title 1`] = `"FIRST"`;

exports[`arg as type: 1 - response 1`] = `
Object {
  "type": "FOO_BAR",
}
`;

exports[`arg as type: 1 - routes - NEVER_USED_PATHLESS - thunk 1`] = `0`;

exports[`arg as type: 1 - routes - REDIRECTED - onComplete 1`] = `0`;

exports[`arg as type: 1 - routes - SECOND - onComplete 1`] = `1`;

exports[`arg as type: 1 - routes - SECOND - thunk 1`] = `1`;

exports[`arg as type: 1 - state 1`] = `
Object {
  "location": Object {
    "basename": "",
    "blocked": null,
    "direction": "forward",
    "entries": Array [
      Object {
        "basename": "",
        "hash": "",
        "location": Object {
          "key": "345678",
          "pathname": "/first",
          "scene": "",
          "search": "",
          "url": "/first",
        },
        "params": Object {},
        "query": Object {},
        "state": Object {},
        "type": "FIRST",
      },
      Object {
        "basename": "",
        "hash": "",
        "location": Object {
          "key": "345678",
          "pathname": "/second",
          "scene": "",
          "search": "",
          "url": "/second",
        },
        "params": Object {},
        "query": Object {},
        "state": Object {},
        "type": "SECOND",
      },
    ],
    "from": null,
    "hash": "",
    "index": 1,
    "key": "345678",
    "kind": "push",
    "length": 2,
    "n": 1,
    "params": Object {},
    "pathname": "/second",
    "pop": false,
    "prev": Object {
      "basename": "",
      "hash": "",
      "location": Object {
        "index": 0,
        "key": "345678",
        "pathname": "/first",
        "scene": "",
        "search": "",
        "url": "/first",
      },
      "params": Object {},
      "query": Object {},
      "state": Object {},
      "type": "FIRST",
    },
    "query": Object {},
    "scene": "",
    "search": "",
    "state": Object {},
    "status": 200,
    "type": "SECOND",
    "universal": false,
    "url": "/second",
  },
  "title": "FOO_BAR",
}
`;

exports[`arg as type: 1 - title 1`] = `"SECOND"`;

exports[`non object argument can be payload: 1 - response 1`] = `
Object {
  "payload": "foo",
  "type": "SECOND_COMPLETE",
}
`;

exports[`non object argument can be payload: 1 - routes - NEVER_USED_PATHLESS - thunk 1`] = `0`;

exports[`non object argument can be payload: 1 - routes - REDIRECTED - onComplete 1`] = `0`;

exports[`non object argument can be payload: 1 - routes - SECOND - onComplete 1`] = `1`;

exports[`non object argument can be payload: 1 - routes - SECOND - thunk 1`] = `1`;

exports[`non object argument can be payload: 1 - state 1`] = `
Object {
  "location": Object {
    "basename": "",
    "blocked": null,
    "direction": "forward",
    "entries": Array [
      Object {
        "basename": "",
        "hash": "",
        "location": Object {
          "key": "345678",
          "pathname": "/first",
          "scene": "",
          "search": "",
          "url": "/first",
        },
        "params": Object {},
        "query": Object {},
        "state": Object {},
        "type": "FIRST",
      },
      Object {
        "basename": "",
        "hash": "",
        "location": Object {
          "key": "345678",
          "pathname": "/second",
          "scene": "",
          "search": "",
          "url": "/second",
        },
        "params": Object {},
        "query": Object {},
        "state": Object {},
        "type": "SECOND",
      },
    ],
    "from": null,
    "hash": "",
    "index": 1,
    "key": "345678",
    "kind": "push",
    "length": 2,
    "n": 1,
    "params": Object {},
    "pathname": "/second",
    "pop": false,
    "prev": Object {
      "basename": "",
      "hash": "",
      "location": Object {
        "index": 0,
        "key": "345678",
        "pathname": "/first",
        "scene": "",
        "search": "",
        "url": "/first",
      },
      "params": Object {},
      "query": Object {},
      "state": Object {},
      "type": "FIRST",
    },
    "query": Object {},
    "ready": true,
    "scene": "",
    "search": "",
    "state": Object {},
    "status": 200,
    "type": "SECOND",
    "universal": false,
    "url": "/second",
  },
  "title": "SECOND_COMPLETE - \\"foo\\"",
}
`;

exports[`non object argument can be payload: 1 - title 1`] = `"SECOND"`;

exports[`null payloads allowed: 1 - response 1`] = `
Object {
  "payload": null,
  "type": "SECOND_COMPLETE",
}
`;

exports[`null payloads allowed: 1 - routes - NEVER_USED_PATHLESS - thunk 1`] = `0`;

exports[`null payloads allowed: 1 - routes - REDIRECTED - onComplete 1`] = `0`;

exports[`null payloads allowed: 1 - routes - SECOND - onComplete 1`] = `1`;

exports[`null payloads allowed: 1 - routes - SECOND - thunk 1`] = `1`;

exports[`null payloads allowed: 1 - state 1`] = `
Object {
  "location": Object {
    "basename": "",
    "blocked": null,
    "direction": "forward",
    "entries": Array [
      Object {
        "basename": "",
        "hash": "",
        "location": Object {
          "key": "345678",
          "pathname": "/first",
          "scene": "",
          "search": "",
          "url": "/first",
        },
        "params": Object {},
        "query": Object {},
        "state": Object {},
        "type": "FIRST",
      },
      Object {
        "basename": "",
        "hash": "",
        "location": Object {
          "key": "345678",
          "pathname": "/second",
          "scene": "",
          "search": "",
          "url": "/second",
        },
        "params": Object {},
        "query": Object {},
        "state": Object {},
        "type": "SECOND",
      },
    ],
    "from": null,
    "hash": "",
    "index": 1,
    "key": "345678",
    "kind": "push",
    "length": 2,
    "n": 1,
    "params": Object {},
    "pathname": "/second",
    "pop": false,
    "prev": Object {
      "basename": "",
      "hash": "",
      "location": Object {
        "index": 0,
        "key": "345678",
        "pathname": "/first",
        "scene": "",
        "search": "",
        "url": "/first",
      },
      "params": Object {},
      "query": Object {},
      "state": Object {},
      "type": "FIRST",
    },
    "query": Object {},
    "ready": true,
    "scene": "",
    "search": "",
    "state": Object {},
    "status": 200,
    "type": "SECOND",
    "universal": false,
    "url": "/second",
  },
  "title": "SECOND_COMPLETE - null",
}
`;

exports[`null payloads allowed: 1 - title 1`] = `"SECOND"`;

exports[`when isAction(action) === false set to payload: 1 - response 1`] = `
Object {
  "payload": Object {
    "foo": "bar",
  },
  "type": "SECOND_COMPLETE",
}
`;

exports[`when isAction(action) === false set to payload: 1 - routes - NEVER_USED_PATHLESS - thunk 1`] = `0`;

exports[`when isAction(action) === false set to payload: 1 - routes - REDIRECTED - onComplete 1`] = `0`;

exports[`when isAction(action) === false set to payload: 1 - routes - SECOND - onComplete 1`] = `1`;

exports[`when isAction(action) === false set to payload: 1 - routes - SECOND - thunk 1`] = `1`;

exports[`when isAction(action) === false set to payload: 1 - state 1`] = `
Object {
  "location": Object {
    "basename": "",
    "blocked": null,
    "direction": "forward",
    "entries": Array [
      Object {
        "basename": "",
        "hash": "",
        "location": Object {
          "key": "345678",
          "pathname": "/first",
          "scene": "",
          "search": "",
          "url": "/first",
        },
        "params": Object {},
        "query": Object {},
        "state": Object {},
        "type": "FIRST",
      },
      Object {
        "basename": "",
        "hash": "",
        "location": Object {
          "key": "345678",
          "pathname": "/second",
          "scene": "",
          "search": "",
          "url": "/second",
        },
        "params": Object {},
        "query": Object {},
        "state": Object {},
        "type": "SECOND",
      },
    ],
    "from": null,
    "hash": "",
    "index": 1,
    "key": "345678",
    "kind": "push",
    "length": 2,
    "n": 1,
    "params": Object {},
    "pathname": "/second",
    "pop": false,
    "prev": Object {
      "basename": "",
      "hash": "",
      "location": Object {
        "index": 0,
        "key": "345678",
        "pathname": "/first",
        "scene": "",
        "search": "",
        "url": "/first",
      },
      "params": Object {},
      "query": Object {},
      "state": Object {},
      "type": "FIRST",
    },
    "query": Object {},
    "ready": true,
    "scene": "",
    "search": "",
    "state": Object {},
    "status": 200,
    "type": "SECOND",
    "universal": false,
    "url": "/second",
  },
  "title": "SECOND_COMPLETE - {\\"foo\\":\\"bar\\"}",
}
`;

exports[`when isAction(action) === false set to payload: 1 - title 1`] = `"SECOND"`;
