// Jest Snapshot v1, https://goo.gl/fbAQLP

exports[`route.defaultState {"type":"SECOND","state":{"key":"correct"}}: 1 - response 1`] = `
Object {
  "basename": "",
  "hash": "",
  "location": Object {
    "blocked": null,
    "direction": "forward",
    "entries": Array [
      Object {
        "basename": "",
        "hash": "",
        "location": Object {
          "key": "345678",
          "pathname": "/first",
          "scene": "",
          "search": "",
          "url": "/first",
        },
        "params": Object {},
        "query": Object {},
        "state": Object {},
        "type": "FIRST",
      },
      Object {
        "basename": "",
        "hash": "",
        "location": Object {
          "key": "345678",
          "pathname": "/second",
          "scene": "",
          "search": "",
          "url": "/second",
        },
        "params": Object {},
        "query": Object {},
        "state": Object {
          "foo": "bar",
          "key": "correct",
        },
        "type": "SECOND",
      },
    ],
    "from": null,
    "index": 1,
    "key": "345678",
    "kind": "push",
    "length": 2,
    "n": 1,
    "pathname": "/second",
    "pop": false,
    "prev": Object {
      "basename": "",
      "hash": "",
      "location": Object {
        "index": 0,
        "key": "345678",
        "pathname": "/first",
        "scene": "",
        "search": "",
        "url": "/first",
      },
      "params": Object {},
      "query": Object {},
      "state": Object {},
      "type": "FIRST",
    },
    "scene": "",
    "search": "",
    "status": 200,
    "url": "/second",
  },
  "params": Object {},
  "query": Object {},
  "state": Object {
    "foo": "bar",
    "key": "correct",
  },
  "type": "SECOND",
}
`;

exports[`route.defaultState {"type":"SECOND","state":{"key":"correct"}}: 1 - routes - NEVER_USED_PATHLESS - thunk 1`] = `0`;

exports[`route.defaultState {"type":"SECOND","state":{"key":"correct"}}: 1 - routes - REDIRECTED - onComplete 1`] = `0`;

exports[`route.defaultState {"type":"SECOND","state":{"key":"correct"}}: 1 - routes - THIRD - defaultState 1`] = `0`;

exports[`route.defaultState {"type":"SECOND","state":{"key":"correct"}}: 1 - state 1`] = `
Object {
  "location": Object {
    "basename": "",
    "blocked": null,
    "direction": "forward",
    "entries": Array [
      Object {
        "basename": "",
        "hash": "",
        "location": Object {
          "key": "345678",
          "pathname": "/first",
          "scene": "",
          "search": "",
          "url": "/first",
        },
        "params": Object {},
        "query": Object {},
        "state": Object {},
        "type": "FIRST",
      },
      Object {
        "basename": "",
        "hash": "",
        "location": Object {
          "key": "345678",
          "pathname": "/second",
          "scene": "",
          "search": "",
          "url": "/second",
        },
        "params": Object {},
        "query": Object {},
        "state": Object {
          "foo": "bar",
          "key": "correct",
        },
        "type": "SECOND",
      },
    ],
    "from": null,
    "hash": "",
    "index": 1,
    "key": "345678",
    "kind": "push",
    "length": 2,
    "n": 1,
    "params": Object {},
    "pathname": "/second",
    "pop": false,
    "prev": Object {
      "basename": "",
      "hash": "",
      "location": Object {
        "index": 0,
        "key": "345678",
        "pathname": "/first",
        "scene": "",
        "search": "",
        "url": "/first",
      },
      "params": Object {},
      "query": Object {},
      "state": Object {},
      "type": "FIRST",
    },
    "query": Object {},
    "scene": "",
    "search": "",
    "state": Object {
      "foo": "bar",
      "key": "correct",
    },
    "status": 200,
    "type": "SECOND",
    "universal": false,
    "url": "/second",
  },
  "title": "SECOND",
}
`;

exports[`route.defaultState {"type":"SECOND","state":{"key":"correct"}}: 1 - title 1`] = `"SECOND"`;

exports[`route.defaultState {"type":"SECOND"}: 2 - response 1`] = `
Object {
  "basename": "",
  "hash": "",
  "location": Object {
    "blocked": null,
    "direction": "forward",
    "entries": Array [
      Object {
        "basename": "",
        "hash": "",
        "location": Object {
          "key": "345678",
          "pathname": "/first",
          "scene": "",
          "search": "",
          "url": "/first",
        },
        "params": Object {},
        "query": Object {},
        "state": Object {},
        "type": "FIRST",
      },
      Object {
        "basename": "",
        "hash": "",
        "location": Object {
          "key": "345678",
          "pathname": "/second",
          "scene": "",
          "search": "",
          "url": "/second",
        },
        "params": Object {},
        "query": Object {},
        "state": Object {
          "foo": "bar",
        },
        "type": "SECOND",
      },
    ],
    "from": null,
    "index": 1,
    "key": "345678",
    "kind": "push",
    "length": 2,
    "n": 1,
    "pathname": "/second",
    "pop": false,
    "prev": Object {
      "basename": "",
      "hash": "",
      "location": Object {
        "index": 0,
        "key": "345678",
        "pathname": "/first",
        "scene": "",
        "search": "",
        "url": "/first",
      },
      "params": Object {},
      "query": Object {},
      "state": Object {},
      "type": "FIRST",
    },
    "scene": "",
    "search": "",
    "status": 200,
    "url": "/second",
  },
  "params": Object {},
  "query": Object {},
  "state": Object {
    "foo": "bar",
  },
  "type": "SECOND",
}
`;

exports[`route.defaultState {"type":"SECOND"}: 2 - routes - NEVER_USED_PATHLESS - thunk 1`] = `0`;

exports[`route.defaultState {"type":"SECOND"}: 2 - routes - REDIRECTED - onComplete 1`] = `0`;

exports[`route.defaultState {"type":"SECOND"}: 2 - routes - THIRD - defaultState 1`] = `0`;

exports[`route.defaultState {"type":"SECOND"}: 2 - state 1`] = `
Object {
  "location": Object {
    "basename": "",
    "blocked": null,
    "direction": "forward",
    "entries": Array [
      Object {
        "basename": "",
        "hash": "",
        "location": Object {
          "key": "345678",
          "pathname": "/first",
          "scene": "",
          "search": "",
          "url": "/first",
        },
        "params": Object {},
        "query": Object {},
        "state": Object {},
        "type": "FIRST",
      },
      Object {
        "basename": "",
        "hash": "",
        "location": Object {
          "key": "345678",
          "pathname": "/second",
          "scene": "",
          "search": "",
          "url": "/second",
        },
        "params": Object {},
        "query": Object {},
        "state": Object {
          "foo": "bar",
        },
        "type": "SECOND",
      },
    ],
    "from": null,
    "hash": "",
    "index": 1,
    "key": "345678",
    "kind": "push",
    "length": 2,
    "n": 1,
    "params": Object {},
    "pathname": "/second",
    "pop": false,
    "prev": Object {
      "basename": "",
      "hash": "",
      "location": Object {
        "index": 0,
        "key": "345678",
        "pathname": "/first",
        "scene": "",
        "search": "",
        "url": "/first",
      },
      "params": Object {},
      "query": Object {},
      "state": Object {},
      "type": "FIRST",
    },
    "query": Object {},
    "scene": "",
    "search": "",
    "state": Object {
      "foo": "bar",
    },
    "status": 200,
    "type": "SECOND",
    "universal": false,
    "url": "/second",
  },
  "title": "SECOND",
}
`;

exports[`route.defaultState {"type":"SECOND"}: 2 - title 1`] = `"SECOND"`;

exports[`route.defaultState snipes: 1 - response 1`] = `
Object {
  "basename": "",
  "hash": "",
  "location": Object {
    "blocked": null,
    "direction": "forward",
    "entries": Array [
      Object {
        "basename": "",
        "hash": "",
        "location": Object {
          "key": "345678",
          "pathname": "/first",
          "scene": "",
          "search": "",
          "url": "/first",
        },
        "params": Object {},
        "query": Object {},
        "state": Object {},
        "type": "FIRST",
      },
      Object {
        "basename": "",
        "hash": "",
        "location": Object {
          "key": "345678",
          "pathname": "/third",
          "scene": "",
          "search": "",
          "url": "/third",
        },
        "params": Object {},
        "query": Object {},
        "state": Object {
          "abc": 123,
          "foo": "bar",
        },
        "type": "THIRD",
      },
    ],
    "from": null,
    "index": 1,
    "key": "345678",
    "kind": "push",
    "length": 2,
    "n": 1,
    "pathname": "/third",
    "pop": false,
    "prev": Object {
      "basename": "",
      "hash": "",
      "location": Object {
        "index": 0,
        "key": "345678",
        "pathname": "/first",
        "scene": "",
        "search": "",
        "url": "/first",
      },
      "params": Object {},
      "query": Object {},
      "state": Object {},
      "type": "FIRST",
    },
    "scene": "",
    "search": "",
    "status": 200,
    "url": "/third",
  },
  "params": Object {},
  "query": Object {},
  "state": Object {
    "abc": 123,
    "foo": "bar",
  },
  "type": "THIRD",
}
`;

exports[`route.defaultState snipes: 1 - state 1`] = `
Object {
  "location": Object {
    "basename": "",
    "blocked": null,
    "direction": "forward",
    "entries": Array [
      Object {
        "basename": "",
        "hash": "",
        "location": Object {
          "key": "345678",
          "pathname": "/first",
          "scene": "",
          "search": "",
          "url": "/first",
        },
        "params": Object {},
        "query": Object {},
        "state": Object {},
        "type": "FIRST",
      },
      Object {
        "basename": "",
        "hash": "",
        "location": Object {
          "key": "345678",
          "pathname": "/third",
          "scene": "",
          "search": "",
          "url": "/third",
        },
        "params": Object {},
        "query": Object {},
        "state": Object {
          "abc": 123,
          "foo": "bar",
        },
        "type": "THIRD",
      },
    ],
    "from": null,
    "hash": "",
    "index": 1,
    "key": "345678",
    "kind": "push",
    "length": 2,
    "n": 1,
    "params": Object {},
    "pathname": "/third",
    "pop": false,
    "prev": Object {
      "basename": "",
      "hash": "",
      "location": Object {
        "index": 0,
        "key": "345678",
        "pathname": "/first",
        "scene": "",
        "search": "",
        "url": "/first",
      },
      "params": Object {},
      "query": Object {},
      "state": Object {},
      "type": "FIRST",
    },
    "query": Object {},
    "scene": "",
    "search": "",
    "state": Object {
      "abc": 123,
      "foo": "bar",
    },
    "status": 200,
    "type": "THIRD",
    "universal": false,
    "url": "/third",
  },
  "title": "THIRD",
}
`;

exports[`route.defaultState snipes: 1 - title 1`] = `"THIRD"`;

exports[`state attached to history entry: 1 - response 1`] = `
Object {
  "basename": "",
  "hash": "",
  "location": Object {
    "blocked": null,
    "direction": "forward",
    "entries": Array [
      Object {
        "basename": "",
        "hash": "",
        "location": Object {
          "key": "345678",
          "pathname": "/first",
          "scene": "",
          "search": "",
          "url": "/first",
        },
        "params": Object {},
        "query": Object {},
        "state": Object {},
        "type": "FIRST",
      },
      Object {
        "basename": "",
        "hash": "",
        "location": Object {
          "key": "345678",
          "pathname": "/second",
          "scene": "",
          "search": "",
          "url": "/second",
        },
        "params": Object {},
        "query": Object {},
        "state": Object {
          "foo": "bar",
        },
        "type": "SECOND",
      },
    ],
    "from": null,
    "index": 1,
    "key": "345678",
    "kind": "push",
    "length": 2,
    "n": 1,
    "pathname": "/second",
    "pop": false,
    "prev": Object {
      "basename": "",
      "hash": "",
      "location": Object {
        "index": 0,
        "key": "345678",
        "pathname": "/first",
        "scene": "",
        "search": "",
        "url": "/first",
      },
      "params": Object {},
      "query": Object {},
      "state": Object {},
      "type": "FIRST",
    },
    "scene": "",
    "search": "",
    "status": 200,
    "url": "/second",
  },
  "params": Object {},
  "query": Object {},
  "state": Object {
    "foo": "bar",
  },
  "type": "SECOND",
}
`;

exports[`state attached to history entry: 1 - routes - NEVER_USED_PATHLESS - thunk 1`] = `0`;

exports[`state attached to history entry: 1 - routes - REDIRECTED - onComplete 1`] = `0`;

exports[`state attached to history entry: 1 - state 1`] = `
Object {
  "location": Object {
    "basename": "",
    "blocked": null,
    "direction": "forward",
    "entries": Array [
      Object {
        "basename": "",
        "hash": "",
        "location": Object {
          "key": "345678",
          "pathname": "/first",
          "scene": "",
          "search": "",
          "url": "/first",
        },
        "params": Object {},
        "query": Object {},
        "state": Object {},
        "type": "FIRST",
      },
      Object {
        "basename": "",
        "hash": "",
        "location": Object {
          "key": "345678",
          "pathname": "/second",
          "scene": "",
          "search": "",
          "url": "/second",
        },
        "params": Object {},
        "query": Object {},
        "state": Object {
          "foo": "bar",
        },
        "type": "SECOND",
      },
    ],
    "from": null,
    "hash": "",
    "index": 1,
    "key": "345678",
    "kind": "push",
    "length": 2,
    "n": 1,
    "params": Object {},
    "pathname": "/second",
    "pop": false,
    "prev": Object {
      "basename": "",
      "hash": "",
      "location": Object {
        "index": 0,
        "key": "345678",
        "pathname": "/first",
        "scene": "",
        "search": "",
        "url": "/first",
      },
      "params": Object {},
      "query": Object {},
      "state": Object {},
      "type": "FIRST",
    },
    "query": Object {},
    "scene": "",
    "search": "",
    "state": Object {
      "foo": "bar",
    },
    "status": 200,
    "type": "SECOND",
    "universal": false,
    "url": "/second",
  },
  "title": "SECOND",
}
`;

exports[`state attached to history entry: 1 - title 1`] = `"SECOND"`;
