// Jest Snapshot v1, https://goo.gl/fbAQLP

exports[`jump after enter: 1 - response 1`] = `
Object {
  "basename": "",
  "hash": "",
  "location": Object {
    "blocked": null,
    "direction": "backward",
    "entries": Array [
      Object {
        "basename": "",
        "hash": "",
        "location": Object {
          "key": "345678",
          "pathname": "/",
          "scene": "",
          "search": "",
          "url": "/",
        },
        "params": Object {},
        "query": Object {},
        "state": Object {},
        "type": "FIRST",
      },
      Object {
        "basename": "",
        "hash": "",
        "location": Object {
          "key": "345678",
          "pathname": "/second",
          "scene": "",
          "search": "",
          "url": "/second",
        },
        "params": Object {},
        "query": Object {},
        "state": Object {},
        "type": "SECOND",
      },
    ],
    "from": Object {
      "basename": "",
      "hash": "",
      "location": Object {
        "index": 1,
        "key": "345678",
        "pathname": "/second",
        "scene": "",
        "search": "",
        "url": "/second",
      },
      "params": Object {},
      "query": Object {},
      "state": Object {},
      "type": "SECOND",
    },
    "index": 0,
    "key": "345678",
    "kind": "replace",
    "length": 2,
    "n": -1,
    "pathname": "/",
    "pop": false,
    "prev": Object {
      "basename": "",
      "hash": "",
      "location": Object {
        "index": 1,
        "key": "345678",
        "pathname": "/second",
        "scene": "",
        "search": "",
        "url": "/second",
      },
      "params": Object {},
      "query": Object {},
      "state": Object {},
      "type": "SECOND",
    },
    "scene": "",
    "search": "",
    "status": 302,
    "url": "/",
  },
  "params": Object {},
  "query": Object {},
  "state": Object {},
  "type": "FIRST",
}
`;

exports[`jump after enter: 1 - routes - NEVER_USED_PATHLESS - thunk 1`] = `0`;

exports[`jump after enter: 1 - routes - REDIRECTED - onComplete 1`] = `0`;

exports[`jump after enter: 1 - routes - SECOND - thunk 1`] = `1`;

exports[`jump after enter: 1 - sessionStorage 1`] = `
Object {
  "entries": Array [
    Array [
      "/",
      Object {},
      "345678",
    ],
    Array [
      "/second",
      Object {},
      "345678",
    ],
  ],
  "index": 0,
}
`;

exports[`jump after enter: 1 - state 1`] = `
Object {
  "location": Object {
    "basename": "",
    "blocked": null,
    "direction": "backward",
    "entries": Array [
      Object {
        "basename": "",
        "hash": "",
        "location": Object {
          "key": "345678",
          "pathname": "/",
          "scene": "",
          "search": "",
          "url": "/",
        },
        "params": Object {},
        "query": Object {},
        "state": Object {},
        "type": "FIRST",
      },
      Object {
        "basename": "",
        "hash": "",
        "location": Object {
          "key": "345678",
          "pathname": "/second",
          "scene": "",
          "search": "",
          "url": "/second",
        },
        "params": Object {},
        "query": Object {},
        "state": Object {},
        "type": "SECOND",
      },
    ],
    "from": Object {
      "basename": "",
      "hash": "",
      "location": Object {
        "index": 1,
        "key": "345678",
        "pathname": "/second",
        "scene": "",
        "search": "",
        "url": "/second",
      },
      "params": Object {},
      "query": Object {},
      "state": Object {},
      "type": "SECOND",
    },
    "hash": "",
    "index": 0,
    "key": "345678",
    "kind": "replace",
    "length": 2,
    "n": -1,
    "params": Object {},
    "pathname": "/",
    "pop": false,
    "prev": Object {
      "basename": "",
      "hash": "",
      "location": Object {
        "index": 1,
        "key": "345678",
        "pathname": "/second",
        "scene": "",
        "search": "",
        "url": "/second",
      },
      "params": Object {},
      "query": Object {},
      "state": Object {},
      "type": "SECOND",
    },
    "query": Object {},
    "scene": "",
    "search": "",
    "state": Object {},
    "status": 302,
    "type": "FIRST",
    "universal": false,
    "url": "/",
  },
  "title": "FIRST",
}
`;

exports[`jump after enter: 1 - title 1`] = `"FIRST"`;

exports[`jump after enter: 1 - windowLocation 1`] = `"/"`;

exports[`jump after enter: firstRoute - /first - 1 - initial_state 1`] = `
Object {
  "location": Object {
    "basename": "",
    "blocked": null,
    "direction": "forward",
    "entries": Array [
      Object {
        "basename": "",
        "hash": "",
        "location": Object {
          "key": "345678",
          "pathname": "/",
          "scene": "",
          "search": "",
          "url": "/",
        },
        "params": Object {},
        "query": Object {},
        "state": Object {},
        "type": "FIRST",
      },
    ],
    "from": null,
    "hash": "",
    "index": 0,
    "key": "345678",
    "kind": "init",
    "length": 1,
    "n": 1,
    "params": Object {},
    "pathname": "/",
    "pop": false,
    "prev": Object {
      "basename": "",
      "hash": "",
      "location": Object {
        "index": -1,
        "key": "",
        "pathname": "",
        "scene": "",
        "search": "",
        "url": "",
      },
      "params": Object {},
      "query": Object {},
      "state": Object {},
      "type": "",
    },
    "query": Object {},
    "scene": "",
    "search": "",
    "state": Object {},
    "status": 200,
    "type": "FIRST",
    "universal": false,
    "url": "/",
  },
  "title": "<initial_title>",
}
`;

exports[`jump after enter: firstRoute - /first - 1 - response 1`] = `
Object {
  "basename": "",
  "hash": "",
  "location": Object {
    "blocked": null,
    "direction": "forward",
    "entries": Array [
      Object {
        "basename": "",
        "hash": "",
        "location": Object {
          "key": "345678",
          "pathname": "/",
          "scene": "",
          "search": "",
          "url": "/",
        },
        "params": Object {},
        "query": Object {},
        "state": Object {},
        "type": "FIRST",
      },
    ],
    "from": null,
    "index": 0,
    "key": "345678",
    "kind": "load",
    "length": 1,
    "n": 1,
    "pathname": "/",
    "pop": false,
    "prev": Object {
      "basename": "",
      "hash": "",
      "location": Object {
        "index": -1,
        "key": "",
        "pathname": "",
        "scene": "",
        "search": "",
        "url": "",
      },
      "params": Object {},
      "query": Object {},
      "state": Object {},
      "type": "",
    },
    "scene": "",
    "search": "",
    "status": 200,
    "url": "/",
  },
  "params": Object {},
  "query": Object {},
  "state": Object {},
  "type": "FIRST",
}
`;

exports[`jump after enter: firstRoute - /first - 1 - sessionStorage 1`] = `
Object {
  "entries": Array [
    Array [
      "/",
      Object {},
      "345678",
    ],
  ],
  "index": 0,
}
`;

exports[`jump after enter: firstRoute - /first - 1 - state 1`] = `
Object {
  "location": Object {
    "basename": "",
    "blocked": null,
    "direction": "forward",
    "entries": Array [
      Object {
        "basename": "",
        "hash": "",
        "location": Object {
          "key": "345678",
          "pathname": "/",
          "scene": "",
          "search": "",
          "url": "/",
        },
        "params": Object {},
        "query": Object {},
        "state": Object {},
        "type": "FIRST",
      },
    ],
    "from": null,
    "hash": "",
    "index": 0,
    "key": "345678",
    "kind": "load",
    "length": 1,
    "n": 1,
    "params": Object {},
    "pathname": "/",
    "pop": false,
    "prev": Object {
      "basename": "",
      "hash": "",
      "location": Object {
        "index": -1,
        "key": "",
        "pathname": "",
        "scene": "",
        "search": "",
        "url": "",
      },
      "params": Object {},
      "query": Object {},
      "state": Object {},
      "type": "",
    },
    "query": Object {},
    "scene": "",
    "search": "",
    "state": Object {},
    "status": 200,
    "type": "FIRST",
    "universal": false,
    "url": "/",
  },
  "title": "FIRST",
}
`;

exports[`jump after enter: firstRoute - /first - 1 - title 1`] = `"FIRST"`;

exports[`jump after enter: firstRoute - /first - 1 - windowLocation 1`] = `"/"`;

exports[`jump before enter: 1 - response 1`] = `
Object {
  "basename": "",
  "hash": "",
  "location": Object {
    "blocked": null,
    "direction": "forward",
    "entries": Array [
      Object {
        "basename": "",
        "hash": "",
        "location": Object {
          "key": "345678",
          "pathname": "/",
          "scene": "",
          "search": "",
          "url": "/",
        },
        "params": Object {},
        "query": Object {},
        "state": Object {},
        "type": "FIRST",
      },
    ],
    "from": Object {
      "basename": "",
      "hash": "",
      "location": Object {
        "index": 1,
        "key": "345678",
        "pathname": "/second",
        "scene": "",
        "search": "",
        "url": "/second",
      },
      "params": Object {},
      "query": Object {},
      "state": Object {},
      "type": "SECOND",
    },
    "index": 0,
    "key": "345678",
    "kind": "replace",
    "length": 1,
    "n": 1,
    "pathname": "/",
    "pop": false,
    "prev": Object {
      "basename": "",
      "hash": "",
      "location": Object {
        "index": -1,
        "key": "",
        "pathname": "",
        "scene": "",
        "search": "",
        "url": "",
      },
      "params": Object {},
      "query": Object {},
      "state": Object {},
      "type": "",
    },
    "scene": "",
    "search": "",
    "status": 302,
    "url": "/",
  },
  "params": Object {},
  "query": Object {},
  "state": Object {},
  "type": "FIRST",
}
`;

exports[`jump before enter: 1 - routes - NEVER_USED_PATHLESS - thunk 1`] = `0`;

exports[`jump before enter: 1 - routes - REDIRECTED - onComplete 1`] = `0`;

exports[`jump before enter: 1 - routes - SECOND - beforeEnter 1`] = `1`;

exports[`jump before enter: 1 - sessionStorage 1`] = `
Object {
  "entries": Array [
    Array [
      "/",
      Object {},
      "345678",
    ],
  ],
  "index": 0,
}
`;

exports[`jump before enter: 1 - state 1`] = `
Object {
  "location": Object {
    "basename": "",
    "blocked": null,
    "direction": "forward",
    "entries": Array [
      Object {
        "basename": "",
        "hash": "",
        "location": Object {
          "key": "345678",
          "pathname": "/",
          "scene": "",
          "search": "",
          "url": "/",
        },
        "params": Object {},
        "query": Object {},
        "state": Object {},
        "type": "FIRST",
      },
    ],
    "from": Object {
      "basename": "",
      "hash": "",
      "location": Object {
        "index": 1,
        "key": "345678",
        "pathname": "/second",
        "scene": "",
        "search": "",
        "url": "/second",
      },
      "params": Object {},
      "query": Object {},
      "state": Object {},
      "type": "SECOND",
    },
    "hash": "",
    "index": 0,
    "key": "345678",
    "kind": "load",
    "length": 1,
    "n": 1,
    "params": Object {},
    "pathname": "/",
    "pop": false,
    "prev": Object {
      "basename": "",
      "hash": "",
      "location": Object {
        "index": -1,
        "key": "",
        "pathname": "",
        "scene": "",
        "search": "",
        "url": "",
      },
      "params": Object {},
      "query": Object {},
      "state": Object {},
      "type": "",
    },
    "query": Object {},
    "scene": "",
    "search": "",
    "state": Object {},
    "status": 200,
    "type": "FIRST",
    "universal": false,
    "url": "/",
  },
  "title": "@@skiprudy/SET_FROM - {\\"ref\\":{\\"type\\":\\"SECOND\\",\\"params\\":{},\\"query\\":{},\\"state\\":{},\\"hash\\":\\"\\",\\"basename\\":\\"\\",\\"location\\":{\\"url\\":\\"/second\\",\\"pathname\\":\\"/second\\",\\"search\\":\\"\\",\\"key\\":\\"345678\\",\\"scene\\":\\"\\",\\"index\\":1}}}",
}
`;

exports[`jump before enter: 1 - title 1`] = `"FIRST"`;

exports[`jump before enter: 1 - windowLocation 1`] = `"/"`;

exports[`jump before enter: firstRoute - /first - 1 - initial_state 1`] = `
Object {
  "location": Object {
    "basename": "",
    "blocked": null,
    "direction": "forward",
    "entries": Array [
      Object {
        "basename": "",
        "hash": "",
        "location": Object {
          "key": "345678",
          "pathname": "/",
          "scene": "",
          "search": "",
          "url": "/",
        },
        "params": Object {},
        "query": Object {},
        "state": Object {},
        "type": "FIRST",
      },
    ],
    "from": null,
    "hash": "",
    "index": 0,
    "key": "345678",
    "kind": "init",
    "length": 1,
    "n": 1,
    "params": Object {},
    "pathname": "/",
    "pop": false,
    "prev": Object {
      "basename": "",
      "hash": "",
      "location": Object {
        "index": -1,
        "key": "",
        "pathname": "",
        "scene": "",
        "search": "",
        "url": "",
      },
      "params": Object {},
      "query": Object {},
      "state": Object {},
      "type": "",
    },
    "query": Object {},
    "scene": "",
    "search": "",
    "state": Object {},
    "status": 200,
    "type": "FIRST",
    "universal": false,
    "url": "/",
  },
  "title": "<initial_title>",
}
`;

exports[`jump before enter: firstRoute - /first - 1 - response 1`] = `
Object {
  "basename": "",
  "hash": "",
  "location": Object {
    "blocked": null,
    "direction": "forward",
    "entries": Array [
      Object {
        "basename": "",
        "hash": "",
        "location": Object {
          "key": "345678",
          "pathname": "/",
          "scene": "",
          "search": "",
          "url": "/",
        },
        "params": Object {},
        "query": Object {},
        "state": Object {},
        "type": "FIRST",
      },
    ],
    "from": null,
    "index": 0,
    "key": "345678",
    "kind": "load",
    "length": 1,
    "n": 1,
    "pathname": "/",
    "pop": false,
    "prev": Object {
      "basename": "",
      "hash": "",
      "location": Object {
        "index": -1,
        "key": "",
        "pathname": "",
        "scene": "",
        "search": "",
        "url": "",
      },
      "params": Object {},
      "query": Object {},
      "state": Object {},
      "type": "",
    },
    "scene": "",
    "search": "",
    "status": 200,
    "url": "/",
  },
  "params": Object {},
  "query": Object {},
  "state": Object {},
  "type": "FIRST",
}
`;

exports[`jump before enter: firstRoute - /first - 1 - sessionStorage 1`] = `
Object {
  "entries": Array [
    Array [
      "/",
      Object {},
      "345678",
    ],
  ],
  "index": 0,
}
`;

exports[`jump before enter: firstRoute - /first - 1 - state 1`] = `
Object {
  "location": Object {
    "basename": "",
    "blocked": null,
    "direction": "forward",
    "entries": Array [
      Object {
        "basename": "",
        "hash": "",
        "location": Object {
          "key": "345678",
          "pathname": "/",
          "scene": "",
          "search": "",
          "url": "/",
        },
        "params": Object {},
        "query": Object {},
        "state": Object {},
        "type": "FIRST",
      },
    ],
    "from": null,
    "hash": "",
    "index": 0,
    "key": "345678",
    "kind": "load",
    "length": 1,
    "n": 1,
    "params": Object {},
    "pathname": "/",
    "pop": false,
    "prev": Object {
      "basename": "",
      "hash": "",
      "location": Object {
        "index": -1,
        "key": "",
        "pathname": "",
        "scene": "",
        "search": "",
        "url": "",
      },
      "params": Object {},
      "query": Object {},
      "state": Object {},
      "type": "",
    },
    "query": Object {},
    "scene": "",
    "search": "",
    "state": Object {},
    "status": 200,
    "type": "FIRST",
    "universal": false,
    "url": "/",
  },
  "title": "FIRST",
}
`;

exports[`jump before enter: firstRoute - /first - 1 - title 1`] = `"FIRST"`;

exports[`jump before enter: firstRoute - /first - 1 - windowLocation 1`] = `"/"`;
